// Jest Snapshot v1, https://goo.gl/fbAQLP

exports[`AddCardModal tests should match snapshot 1`] = `<DocumentFragment />`;
