// Jest Snapshot v1, https://goo.gl/fbAQLP

exports[`HomePage tests should match the snapshot 1`] = `
<DocumentFragment>
  <h1>
    TradePage
  </h1>
</DocumentFragment>
`;
